I'm sorry, but errors were detected in your script. Please correct the
errors listed below, and try again.


File "game/screens.rpy", line 617: style property hover is not known.
    hover "gui/button/return_hover.png"
         ^

Ren'Py Version: Ren'Py 8.0.3.22090809
Mon Mar 13 23:51:01 2023
